[0m12:28:07.816319 [debug] [MainThread]: Sending event: {'category': 'dbt', 'action': 'invocation', 'label': 'start', 'context': [<snowplow_tracker.self_describing_json.SelfDescribingJson object at 0x000002CAB39A6240>, <snowplow_tracker.self_describing_json.SelfDescribingJson object at 0x000002CAB3D94560>, <snowplow_tracker.self_describing_json.SelfDescribingJson object at 0x000002CAB65092E0>]}


============================== 12:28:07.826180 | d916da01-99ed-4dbc-ab2d-6228f59e77ed ==============================
[0m12:28:07.826180 [info ] [MainThread]: Running with dbt=1.9.0
[0m12:28:07.836056 [debug] [MainThread]: running dbt with arguments {'printer_width': '80', 'indirect_selection': 'eager', 'log_cache_events': 'False', 'write_json': 'True', 'partial_parse': 'True', 'cache_selected_only': 'False', 'warn_error': 'None', 'fail_fast': 'False', 'debug': 'False', 'log_path': 'logs', 'profiles_dir': 'C:\\Users\\Administrator\\.dbt', 'version_check': 'True', 'use_colors': 'True', 'use_experimental_parser': 'False', 'empty': 'None', 'quiet': 'False', 'no_print': 'None', 'log_format': 'default', 'introspect': 'True', 'invocation_command': 'dbt init', 'static_parser': 'True', 'target_path': 'None', 'warn_error_options': 'WarnErrorOptions(include=[], exclude=[])', 'send_anonymous_usage_stats': 'True'}
[0m12:28:23.046686 [debug] [MainThread]: Starter project path: C:\Python312\Lib\site-packages\dbt\include\starter_project
[0m12:28:23.076412 [info ] [MainThread]: 
Your new dbt project "first_mortgage" was created!

For more information on how to configure the profiles.yml file,
please consult the dbt documentation here:

  https://docs.getdbt.com/docs/configure-your-profile

One more thing:

Need help? Don't hesitate to reach out to us via GitHub issues or on Slack:

  https://community.getdbt.com/

Happy modeling!

[0m12:28:23.076412 [info ] [MainThread]: Setting up your profile.
[0m12:29:54.536348 [info ] [MainThread]: Profile first_mortgage written to C:\Users\Administrator\.dbt\profiles.yml using target's profile_template.yml and your supplied values. Run 'dbt debug' to validate the connection.
[0m12:29:54.536348 [debug] [MainThread]: Command `dbt init` succeeded at 12:29:54.536348 after 106.85 seconds
[0m12:29:54.536348 [debug] [MainThread]: Sending event: {'category': 'dbt', 'action': 'invocation', 'label': 'end', 'context': [<snowplow_tracker.self_describing_json.SelfDescribingJson object at 0x000002CABEA6D340>, <snowplow_tracker.self_describing_json.SelfDescribingJson object at 0x000002CAC0CD5070>, <snowplow_tracker.self_describing_json.SelfDescribingJson object at 0x000002CAB6279B80>]}
[0m12:29:54.536348 [debug] [MainThread]: Flushing usage events
[0m12:29:56.016586 [debug] [MainThread]: An error was encountered while trying to flush usage events
